<?xml version="1.0" encoding="UTF-8" standalone="no"?>
<score-partwise>
    <part-list>
        <score-part id="P1">
            <part-name>some name</part-name>
        </score-part>
    </part-list>
    <part id="P1">
        <measure number="1"/>
    </part>
</score-partwise>
